Removed Pin From Net: NetName=+4V Pin=C1-1
Removed Pin From Net: NetName=GND Pin=C1-2
Removed Pin From Net: NetName=GND Pin=C2-1
Removed Pin From Net: NetName=-4V Pin=C2-2
Removed Pin From Net: NetName=+4V Pin=C3-1
Removed Pin From Net: NetName=GND Pin=C3-2
Removed Pin From Net: NetName=GND Pin=C4-1
Removed Pin From Net: NetName=-4V Pin=C4-2
Removed Pin From Net: NetName=Output signal Pin=C5-1
Removed Pin From Net: NetName=NetC5_2 Pin=C5-2
Removed Pin From Net: NetName=-4V Pin=J3-2
Removed Pin From Net: NetName=+4V Pin=J3-4
Change Component Footprint: Designator=C3 Old Footprint=CAPRR508W54L508T381H660 New Footprint=CAPC2013X113X30LL10T10
Change Component Footprint: Designator=C4 Old Footprint=CAPRR508W54L508T381H660 New Footprint=CAPC2013X113X30LL10T10
Change Component Footprint: Designator=J3 Old Footprint=JST_S5B-EH New Footprint=JST_B5B-ZR(LF)(SN)
Change Component Footprint: Designator=R2 Old Footprint=PCBComponent_1 New Footprint=R1206
Change Component Footprint: Designator=R3 Old Footprint=PCBComponent_1 New Footprint=R1206
Change Component Footprint: Designator=R1 Old Footprint=RESAD1100W55L630D240B New Footprint=R1206
Change Component Footprint: Designator=C1 Old Footprint=WCAP-ATG5_5X11(DXL) New Footprint=C1210
Change Component Footprint: Designator=C2 Old Footprint=WCAP-ATG5_5X11(DXL) New Footprint=C1210
Change Component Footprint: Designator=C5 Old Footprint=WCAP-ATG5_5X11(DXL) New Footprint=CAPC2013X113X30LL10T10
Change Component Comment : Designator=C5 Old Comment=10uF New Comment=10nF
Change Component Comment : Designator=J1 Old Comment= F SMA New Comment=F SMA
Change Component Comment : Designator=J2 Old Comment= F SMA New Comment=F SMA
Change Component Comment : Designator=J3 Old Comment=S5B-EH New Comment=B5B-ZR(LF)(SN)
Change component parameters: Designator = "C1" ("C1"); Footprint = "WCAP-ATG5_5X11(DXL)"; UniqueID = "\QVQWAYAO" ("\QVQWAYAO")
Change component parameters (AddParameter): Name = "ComponentLink1Description"; Value = "Compra"; VariantName = "[No Variations]"
Change component parameters (AddParameter): Name = "ComponentLink1URL"; Value = "https://www.digikey.com/en/products/detail/kyocera-avx/TPSB106K016R0500/1472653"; VariantName = "[No Variations]"
Change component parameters (AddParameter): Name = "ID"; Value = "478-5230-1-ND "; VariantName = "[No Variations]"
Change component parameters: Designator = "C2" ("C2"); Footprint = "WCAP-ATG5_5X11(DXL)"; UniqueID = "\LZKWJKNJ" ("\LZKWJKNJ")
Change component parameters (AddParameter): Name = "ComponentLink1Description"; Value = "Compra"; VariantName = "[No Variations]"
Change component parameters (AddParameter): Name = "ComponentLink1URL"; Value = "https://www.digikey.com/en/products/detail/kyocera-avx/TPSB106K016R0500/1472653"; VariantName = "[No Variations]"
Change component parameters (AddParameter): Name = "ID"; Value = "478-5230-1-ND "; VariantName = "[No Variations]"
Change component parameters: Designator = "C3" ("C3"); Footprint = "CAPRR508W54L508T381H660"; UniqueID = "\ZZKKQNIV" ("\ZZKKQNIV")
Change component parameters: Designator = "C4" ("C4"); Footprint = "CAPRR508W54L508T381H660"; UniqueID = "\KZVCHIUW" ("\KZVCHIUW")
Change component parameters: Designator = "C5" ("C5"); Footprint = "WCAP-ATG5_5X11(DXL)"; UniqueID = "\ZSLSXLGG" ("\ZSLSXLGG")
Change component parameters: Designator = "J3" ("J3"); Footprint = "JST_S5B-EH"; UniqueID = "\BIUNVOFX" ("\BIUNVOFX")
Change component parameters (AddParameter): Name = "Check_prices"; Value = "https://www.snapeda.com/parts/B5B-ZR%20(LF)(SN)/JST/view-part/?ref=eda"; VariantName = "[No Variations]"
Change component parameters (AddParameter): Name = "MF"; Value = "JST"; VariantName = "[No Variations]"
Change component parameters (AddParameter): Name = "MP"; Value = "B5B-ZR (LF)(SN)"; VariantName = "[No Variations]"
Change component parameters (AddParameter): Name = "Package"; Value = "None"; VariantName = "[No Variations]"
Change component parameters (AddParameter): Name = "SnapEDA_Link"; Value = "https://www.snapeda.com/parts/B5B-ZR%20(LF)(SN)/JST/view-part/?ref=snap"; VariantName = "[No Variations]"
Change component parameters (AddParameter): Name = "Value"; Value = ""; VariantName = "[No Variations]"
Change component parameters: Designator = "R1" ("R1"); Footprint = "RESAD1100W55L630D240B"; UniqueID = "\SKYXGEHQ" ("\SKYXGEHQ")
Added Pin To Net: NetName=GND Pin=C1-1
Added Pin To Net: NetName=+4V Pin=C1-2
Added Pin To Net: NetName=-4V Pin=C2-1
Added Pin To Net: NetName=GND Pin=C2-2
Added Pin To Net: NetName=GND Pin=C3-1
Added Pin To Net: NetName=+4V Pin=C3-2
Added Pin To Net: NetName=-4V Pin=C4-1
Added Pin To Net: NetName=GND Pin=C4-2
Added Pin To Net: NetName=NetC5_2 Pin=C5-1
Added Pin To Net: NetName=Output signal Pin=C5-2
Added Pin To Net: NetName=+4V Pin=J3-2
Added Pin To Net: NetName=-4V Pin=J3-4
Change Net Name : Old Net Name=NetC5_2 New Net Name=NetC5_1
