Added Component: Designator=C1(CAPC2013X113X30LL10T10)
Added Component: Designator=C2(C1210)
Add component (AddParameter): Name = "ComponentLink1Description"; Value = "Compra"; VariantName = "[No Variations]"
Add component (AddParameter): Name = "ComponentLink1URL"; Value = "https://www.digikey.com/en/products/detail/kyocera-avx/TPSB106K016R0500/1472653"; VariantName = "[No Variations]"
Add component (AddParameter): Name = "ID"; Value = "478-5230-1-ND"; VariantName = "[No Variations]"
Added Component: Designator=C3(C1210)
Add component (AddParameter): Name = "ComponentLink1Description"; Value = "Compra"; VariantName = "[No Variations]"
Add component (AddParameter): Name = "ComponentLink1URL"; Value = "https://www.digikey.com/en/products/detail/kyocera-avx/TPSB106K016R0500/1472653"; VariantName = "[No Variations]"
Add component (AddParameter): Name = "ID"; Value = "478-5230-1-ND"; VariantName = "[No Variations]"
Added Component: Designator=C4(C1210)
Add component (AddParameter): Name = "ComponentLink1Description"; Value = "Compra"; VariantName = "[No Variations]"
Add component (AddParameter): Name = "ComponentLink1URL"; Value = "https://www.digikey.com/en/products/detail/kyocera-avx/TPSB106K016R0500/1472653"; VariantName = "[No Variations]"
Add component (AddParameter): Name = "ID"; Value = "478-5230-1-ND"; VariantName = "[No Variations]"
Added Component: Designator=J1(B3B-ZR)
Add component (AddParameter): Name = "Check_prices"; Value = "https://www.snapeda.com/parts/B3B-ZR/JST+Sales+America+Inc./view-part/?ref=eda"; VariantName = "[No Variations]"
Add component (AddParameter): Name = "MF"; Value = "JST Sales"; VariantName = "[No Variations]"
Add component (AddParameter): Name = "MP"; Value = "B3B-ZR"; VariantName = "[No Variations]"
Add component (AddParameter): Name = "Package"; Value = "None"; VariantName = "[No Variations]"
Add component (AddParameter): Name = "SnapEDA_Link"; Value = "https://www.snapeda.com/parts/B3B-ZR/JST+Sales+America+Inc./view-part/?ref=snap"; VariantName = "[No Variations]"
Add component (AddParameter): Name = "Value"; Value = ""; VariantName = "[No Variations]"
Added Component: Designator=J2(B3B-ZR)
Add component (AddParameter): Name = "Check_prices"; Value = "https://www.snapeda.com/parts/B3B-ZR/JST+Sales+America+Inc./view-part/?ref=eda"; VariantName = "[No Variations]"
Add component (AddParameter): Name = "MF"; Value = "JST Sales"; VariantName = "[No Variations]"
Add component (AddParameter): Name = "MP"; Value = "B3B-ZR"; VariantName = "[No Variations]"
Add component (AddParameter): Name = "Package"; Value = "None"; VariantName = "[No Variations]"
Add component (AddParameter): Name = "SnapEDA_Link"; Value = "https://www.snapeda.com/parts/B3B-ZR/JST+Sales+America+Inc./view-part/?ref=snap"; VariantName = "[No Variations]"
Add component (AddParameter): Name = "Value"; Value = ""; VariantName = "[No Variations]"
Add Component: Footprint Not Found JST_B5B-ZR(LF)(SN)
Added Component: Designator=R1(R1206)
Add component (AddParameter): Name = "ComponentLink1Description"; Value = "Compra"; VariantName = "[No Variations]"
Add component (AddParameter): Name = "ComponentLink1URL"; Value = ""; VariantName = "[No Variations]"
Add component (AddParameter): Name = "ID"; Value = ""; VariantName = "[No Variations]"
Added Component: Designator=R2(R1206)
Add component (AddParameter): Name = "ComponentLink1Description"; Value = "Compra"; VariantName = "[No Variations]"
Add component (AddParameter): Name = "ComponentLink1URL"; Value = ""; VariantName = "[No Variations]"
Add component (AddParameter): Name = "ID"; Value = ""; VariantName = "[No Variations]"
Added Component: Designator=R3(R1206)
Add component (AddParameter): Name = "ComponentLink1Description"; Value = "Compra"; VariantName = "[No Variations]"
Add component (AddParameter): Name = "ComponentLink1URL"; Value = ""; VariantName = "[No Variations]"
Add component (AddParameter): Name = "ID"; Value = ""; VariantName = "[No Variations]"
Added Component: Designator=TP1(TP_5010)
Add component (AddParameter): Name = "Check_prices"; Value = "https://www.snapeda.com/parts/5010/Keystone/view-part/?ref=eda"; VariantName = "[No Variations]"
Add component (AddParameter): Name = "MF"; Value = "Keystone Electronics"; VariantName = "[No Variations]"
Add component (AddParameter): Name = "MP"; Value = "5010"; VariantName = "[No Variations]"
Add component (AddParameter): Name = "Package"; Value = "NON STANDARD-1 Keystone"; VariantName = "[No Variations]"
Add component (AddParameter): Name = "SnapEDA_Link"; Value = "https://www.snapeda.com/parts/5010/Keystone/view-part/?ref=snap"; VariantName = "[No Variations]"
Add component (AddParameter): Name = "Value"; Value = ""; VariantName = "[No Variations]"
Added Component: Designator=TP2(TP_5010)
Add component (AddParameter): Name = "Check_prices"; Value = "https://www.snapeda.com/parts/5010/Keystone/view-part/?ref=eda"; VariantName = "[No Variations]"
Add component (AddParameter): Name = "MF"; Value = "Keystone Electronics"; VariantName = "[No Variations]"
Add component (AddParameter): Name = "MP"; Value = "5010"; VariantName = "[No Variations]"
Add component (AddParameter): Name = "Package"; Value = "NON STANDARD-1 Keystone"; VariantName = "[No Variations]"
Add component (AddParameter): Name = "SnapEDA_Link"; Value = "https://www.snapeda.com/parts/5010/Keystone/view-part/?ref=snap"; VariantName = "[No Variations]"
Add component (AddParameter): Name = "Value"; Value = ""; VariantName = "[No Variations]"
Added Component: Designator=TP3(TP_5010)
Add component (AddParameter): Name = "Check_prices"; Value = "https://www.snapeda.com/parts/5010/Keystone/view-part/?ref=eda"; VariantName = "[No Variations]"
Add component (AddParameter): Name = "MF"; Value = "Keystone Electronics"; VariantName = "[No Variations]"
Add component (AddParameter): Name = "MP"; Value = "5010"; VariantName = "[No Variations]"
Add component (AddParameter): Name = "Package"; Value = "NON STANDARD-1 Keystone"; VariantName = "[No Variations]"
Add component (AddParameter): Name = "SnapEDA_Link"; Value = "https://www.snapeda.com/parts/5010/Keystone/view-part/?ref=snap"; VariantName = "[No Variations]"
Add component (AddParameter): Name = "Value"; Value = ""; VariantName = "[No Variations]"
Added Component: Designator=U1(SOIC127P600X175-8N)
Add component (AddParameter): Name = "Check_prices"; Value = "https://www.snapeda.com/parts/LM317LDR2G/Onsemi/view-part/?ref=eda"; VariantName = "[No Variations]"
Add component (AddParameter): Name = "MF"; Value = "ON Semiconductor"; VariantName = "[No Variations]"
Add component (AddParameter): Name = "MP"; Value = "LM317LDR2G"; VariantName = "[No Variations]"
Add component (AddParameter): Name = "Package"; Value = "SOIC-8 ON Semiconductor"; VariantName = "[No Variations]"
Add component (AddParameter): Name = "SnapEDA_Link"; Value = "https://www.snapeda.com/parts/LM317LDR2G/Onsemi/view-part/?ref=snap"; VariantName = "[No Variations]"
Add component (AddParameter): Name = "Value"; Value = ""; VariantName = "[No Variations]"
Added Component: Designator=U2(DIP794W47P254L991H457Q8)
Add component (AddParameter): Name = "Availability"; Value = "In Stock"; VariantName = "[No Variations]"
Add component (AddParameter): Name = "Check_prices"; Value = "https://www.snapeda.com/parts/ICL7660EPA+/Analog+Devices/view-part/?ref=eda"; VariantName = "[No Variations]"
Add component (AddParameter): Name = "MF"; Value = "Analog Devices"; VariantName = "[No Variations]"
Add component (AddParameter): Name = "MP"; Value = "ICL7660EPA+"; VariantName = "[No Variations]"
Add component (AddParameter): Name = "Package"; Value = "PDIP-8 Maxim"; VariantName = "[No Variations]"
Add component (AddParameter): Name = "Price"; Value = "None"; VariantName = "[No Variations]"
Add component (AddParameter): Name = "Purchase-URL"; Value = "https://pricing.snapeda.com/search/part/ICL7660EPA+/?ref=eda"; VariantName = "[No Variations]"
Add component (AddParameter): Name = "SnapEDA_Link"; Value = "https://www.snapeda.com/parts/ICL7660EPA+/Analog+Devices/view-part/?ref=snap"; VariantName = "[No Variations]"
Add component (AddParameter): Name = "Value"; Value = ""; VariantName = "[No Variations]"
Added Component: Designator=VR1(TRIM_3296W-1-102)
Add component (AddParameter): Name = "Check_prices"; Value = "https://www.snapeda.com/parts/3296W-1-102/Bourns/view-part/?ref=eda"; VariantName = "[No Variations]"
Add component (AddParameter): Name = "MF"; Value = "Bourns"; VariantName = "[No Variations]"
Add component (AddParameter): Name = "MP"; Value = "3296W-1-102"; VariantName = "[No Variations]"
Add component (AddParameter): Name = "Package"; Value = "NON STANDARD-3 Bourns"; VariantName = "[No Variations]"
Add component (AddParameter): Name = "SnapEDA_Link"; Value = "https://www.snapeda.com/parts/3296W-1-102/Bourns/view-part/?ref=snap"; VariantName = "[No Variations]"
Add component (AddParameter): Name = "Value"; Value = ""; VariantName = "[No Variations]"
Added Pin To Net: NetName=+4V Pin=J1-3
Added Pin To Net: NetName=+4V Pin=U2-8
Added Net: Name=+4V
Added Pin To Net: NetName=+29.5V Pin=C2-2
Added Pin To Net: NetName=+29.5V Pin=J2-3
Added Pin To Net: NetName=+29.5V Pin=R3-2
Added Pin To Net: NetName=+29.5V Pin=TP2-TP
Added Pin To Net: NetName=+29.5V Pin=U1-2
Added Pin To Net: NetName=+29.5V Pin=U1-3
Added Pin To Net: NetName=+29.5V Pin=U1-6
Added Pin To Net: NetName=+29.5V Pin=U1-7
Added Net: Name=+29.5V
Added Pin To Net: NetName=+VBAT Pin=C1-2
Added Pin To Net: NetName=+VBAT Pin=J1-2
Added Pin To Net: NetName=+VBAT Pin=U1-1
Added Net: Name=+VBAT
Added Pin To Net: NetName=-4V Pin=C4-2
Added Pin To Net: NetName=-4V Pin=TP1-TP
Added Pin To Net: NetName=-4V Pin=U2-5
Added Net: Name=-4V
Added Pin To Net: NetName=GND Pin=C1-1
Added Pin To Net: NetName=GND Pin=C2-1
Added Pin To Net: NetName=GND Pin=C4-1
Added Pin To Net: NetName=GND Pin=J1-1
Added Pin To Net: NetName=GND Pin=J2-1
Added Pin To Net: NetName=GND Pin=J2-2
Added Pin To Net: NetName=GND Pin=U2-3
Added Pin To Net: NetName=GND Pin=VR1-1
Added Pin To Net: NetName=GND Pin=VR1-2
Added Net: Name=GND
Added Pin To Net: NetName=NetC3_1 Pin=C3-1
Added Pin To Net: NetName=NetC3_1 Pin=U2-4
Added Net: Name=NetC3_1
Added Pin To Net: NetName=NetC3_2 Pin=C3-2
Added Pin To Net: NetName=NetC3_2 Pin=U2-2
Added Net: Name=NetC3_2
Added Pin To Net: NetName=NetR1_1 Pin=R1-1
Added Pin To Net: NetName=NetR1_1 Pin=VR1-3
Added Net: Name=NetR1_1
Added Pin To Net: NetName=NetR1_2 Pin=R1-2
Added Pin To Net: NetName=NetR1_2 Pin=R2-2
Added Pin To Net: NetName=NetR1_2 Pin=TP3-TP
Added Pin To Net: NetName=NetR1_2 Pin=U1-4
Added Net: Name=NetR1_2
Added Pin To Net: NetName=NetR2_1 Pin=R2-1
Added Pin To Net: NetName=NetR2_1 Pin=R3-1
Added Net: Name=NetR2_1
Added Pin To Net: NetName=NetU1_5, 8 Pin=U1-5
Added Pin To Net: NetName=NetU1_5, 8 Pin=U1-8
Added Net: Name=NetU1_5, 8
Added Class: Name=Regulador_Inversor
Added Rule: Name=Schematic Supply Nets
